PROGSYM
IDENT
DECSYM
IDENT
COMMA
IDENT
COLN
IDENT
SEMICOLN
IDENT
COMMA
IDENT
COLN
IDENT
IDENT
COMMA
IDENT
COMMA
IDENT
COLN
IDENT
SEMICOLN
IDENT
COMMA
IDENT
COMMA
IDENT
COLN
IDENT
BEGINSYM
READSYM
LPAREN
IDENT
COMMA
IDENT
RPAREN
SEMICOLN
IDENT
ASSIGN
IDENT
MULTIPLY
IDENT
ADD
IDENT
SEMICOLN
WRITESYM
LPAREN
IDENT
RPAREN
READSYM
LPAREN
IDENT
COMMA
IDENT
RPAREN
SEMICOLN
IDENT
ASSIGN
IDENT
UNKNOWN
IDENT
SEMICOLN
WRITESYM
LPAREN
IDENT
RPAREN
ENDSYM
