PROGSYM
IDENT
DECSYM
IDENT
COMMA
IDENT
COLN
IDENT
SEMICOLN
IDENT
COMMA
IDENT
COLN
IDENT
BEGINSYM
READSYM
LPAREN
IDENT
COMMA
IDENT
RPAREN
SEMICOLN
IDENT
ASSIGN
IDENT
MULTIPLY
IDENT
ADD
NUM
SEMICOLN
WRITESYM
LPAREN
IDENT
RPAREN
ENDSYM
